1717043 14:41:54.612818 brk(NULL)       = 0x55ae17e28000
1717043 14:41:54.613267 mmap(NULL, 8192, PROT_READ|PROT_WRITE, MAP_PRIVATE|MAP_ANONYMOUS, -1, 0) = 0x7f7cee421000
1717043 14:41:54.613400 mmap(NULL, 14311, PROT_READ, MAP_PRIVATE, 3, 0) = 0x7f7cee41d000
1717043 14:41:54.613482 mmap(NULL, 2223736, PROT_READ, MAP_PRIVATE|MAP_DENYWRITE, 3, 0) = 0x7f7cee1fe000
1717043 14:41:54.613496 mmap(0x7f7cee226000, 1658880, PROT_READ|PROT_EXEC, MAP_PRIVATE|MAP_FIXED|MAP_DENYWRITE, 3, 0x28000) = 0x7f7cee226000
1717043 14:41:54.613514 mmap(0x7f7cee3bb000, 323584, PROT_READ, MAP_PRIVATE|MAP_FIXED|MAP_DENYWRITE, 3, 0x1bd000) = 0x7f7cee3bb000
1717043 14:41:54.613528 mmap(0x7f7cee40a000, 24576, PROT_READ|PROT_WRITE, MAP_PRIVATE|MAP_FIXED|MAP_DENYWRITE, 3, 0x20b000) = 0x7f7cee40a000
1717043 14:41:54.613545 mmap(0x7f7cee410000, 52856, PROT_READ|PROT_WRITE, MAP_PRIVATE|MAP_FIXED|MAP_ANONYMOUS, -1, 0) = 0x7f7cee410000
1717043 14:41:54.613617 mmap(NULL, 181160, PROT_READ, MAP_PRIVATE|MAP_DENYWRITE, 3, 0) = 0x7f7cee1d1000
1717043 14:41:54.613631 mmap(0x7f7cee1d5000, 143360, PROT_READ|PROT_EXEC, MAP_PRIVATE|MAP_FIXED|MAP_DENYWRITE, 3, 0x4000) = 0x7f7cee1d5000
1717043 14:41:54.613645 mmap(0x7f7cee1f8000, 16384, PROT_READ, MAP_PRIVATE|MAP_FIXED|MAP_DENYWRITE, 3, 0x27000) = 0x7f7cee1f8000
1717043 14:41:54.613659 mmap(0x7f7cee1fc000, 8192, PROT_READ|PROT_WRITE, MAP_PRIVATE|MAP_FIXED|MAP_DENYWRITE, 3, 0x2a000) = 0x7f7cee1fc000
1717043 14:41:54.613699 mmap(NULL, 12288, PROT_READ|PROT_WRITE, MAP_PRIVATE|MAP_ANONYMOUS, -1, 0) = 0x7f7cee1ce000
1717043 14:41:54.613932 munmap(0x7f7cee41d000, 14311) = 0
1717043 14:41:54.614110 mmap(NULL, 4096, PROT_READ|PROT_WRITE, MAP_PRIVATE|MAP_ANONYMOUS, -1, 0) = 0x7f7cee420000
1717043 14:41:54.614127 madvise(0x7f7cee420000, 4096, MADV_DONTNEED) = 0
1717043 14:41:54.614148 munmap(0x7f7cee420000, 4096) = 0
1717043 14:41:54.614233 mmap(NULL, 4096, PROT_READ|PROT_WRITE, MAP_PRIVATE|MAP_ANONYMOUS|MAP_NORESERVE, -1, 0) = 0x7f7cee420000
1717043 14:41:54.614247 madvise(0x7f7cee420000, 4096, MADV_FREE) = 0
1717043 14:41:54.614261 munmap(0x7f7cee420000, 4096) = 0
1717043 14:41:54.614282 mmap(NULL, 2097152, PROT_READ|PROT_WRITE, MAP_PRIVATE|MAP_ANONYMOUS|MAP_NORESERVE, -1, 0) = 0x7f7cedfce000
1717043 14:41:54.614295 munmap(0x7f7cedfce000, 2097152) = 0
1717043 14:41:54.614308 mmap(NULL, 4190208, PROT_READ|PROT_WRITE, MAP_PRIVATE|MAP_ANONYMOUS|MAP_NORESERVE, -1, 0) = 0x7f7ceddcf000
1717043 14:41:54.614321 munmap(0x7f7ceddcf000, 200704) = 0
1717043 14:41:54.614334 munmap(0x7f7cee000000, 1892352) = 0
1717043 14:41:54.614670 brk(NULL)       = 0x55ae17e28000
1717043 14:41:54.614796 mmap(NULL, 2097152, PROT_READ|PROT_WRITE, MAP_PRIVATE|MAP_ANONYMOUS|MAP_NORESERVE, -1, 0) = 0x7f7cedc00000
1717043 14:41:54.615214 brk(0x55ae17e49000) = 0x55ae17e49000
1717043 14:41:54.615384 mmap(NULL, 16048, PROT_READ|PROT_WRITE, MAP_PRIVATE|MAP_ANONYMOUS|MAP_STACK, -1, 0) = 0x7f7cee41d000
1717043 14:41:54.615659 munmap(0x7f7cee41d000, 16048) = 0
1717043 14:41:54.616015 +++ exited with 0 +++
