1727755 14:45:40.369904 brk(NULL)       = 0x56217bc63000
1727755 14:45:40.370381 mmap(NULL, 8192, PROT_READ|PROT_WRITE, MAP_PRIVATE|MAP_ANONYMOUS, -1, 0) = 0x7fa422866000
1727755 14:45:40.370525 mmap(NULL, 14311, PROT_READ, MAP_PRIVATE, 3, 0) = 0x7fa422862000
1727755 14:45:40.370595 mmap(NULL, 2223736, PROT_READ, MAP_PRIVATE|MAP_DENYWRITE, 3, 0) = 0x7fa422643000
1727755 14:45:40.370609 mmap(0x7fa42266b000, 1658880, PROT_READ|PROT_EXEC, MAP_PRIVATE|MAP_FIXED|MAP_DENYWRITE, 3, 0x28000) = 0x7fa42266b000
1727755 14:45:40.370626 mmap(0x7fa422800000, 323584, PROT_READ, MAP_PRIVATE|MAP_FIXED|MAP_DENYWRITE, 3, 0x1bd000) = 0x7fa422800000
1727755 14:45:40.370641 mmap(0x7fa42284f000, 24576, PROT_READ|PROT_WRITE, MAP_PRIVATE|MAP_FIXED|MAP_DENYWRITE, 3, 0x20b000) = 0x7fa42284f000
1727755 14:45:40.370658 mmap(0x7fa422855000, 52856, PROT_READ|PROT_WRITE, MAP_PRIVATE|MAP_FIXED|MAP_ANONYMOUS, -1, 0) = 0x7fa422855000
1727755 14:45:40.370729 mmap(NULL, 181160, PROT_READ, MAP_PRIVATE|MAP_DENYWRITE, 3, 0) = 0x7fa422616000
1727755 14:45:40.370742 mmap(0x7fa42261a000, 143360, PROT_READ|PROT_EXEC, MAP_PRIVATE|MAP_FIXED|MAP_DENYWRITE, 3, 0x4000) = 0x7fa42261a000
1727755 14:45:40.370757 mmap(0x7fa42263d000, 16384, PROT_READ, MAP_PRIVATE|MAP_FIXED|MAP_DENYWRITE, 3, 0x27000) = 0x7fa42263d000
1727755 14:45:40.370771 mmap(0x7fa422641000, 8192, PROT_READ|PROT_WRITE, MAP_PRIVATE|MAP_FIXED|MAP_DENYWRITE, 3, 0x2a000) = 0x7fa422641000
1727755 14:45:40.370809 mmap(NULL, 12288, PROT_READ|PROT_WRITE, MAP_PRIVATE|MAP_ANONYMOUS, -1, 0) = 0x7fa422613000
1727755 14:45:40.371039 munmap(0x7fa422862000, 14311) = 0
1727755 14:45:40.371225 mmap(NULL, 4096, PROT_READ|PROT_WRITE, MAP_PRIVATE|MAP_ANONYMOUS, -1, 0) = 0x7fa422865000
1727755 14:45:40.371243 madvise(0x7fa422865000, 4096, MADV_DONTNEED) = 0
1727755 14:45:40.371263 munmap(0x7fa422865000, 4096) = 0
1727755 14:45:40.371347 mmap(NULL, 4096, PROT_READ|PROT_WRITE, MAP_PRIVATE|MAP_ANONYMOUS|MAP_NORESERVE, -1, 0) = 0x7fa422865000
1727755 14:45:40.371361 madvise(0x7fa422865000, 4096, MADV_FREE) = 0
1727755 14:45:40.371375 munmap(0x7fa422865000, 4096) = 0
1727755 14:45:40.371395 mmap(NULL, 2097152, PROT_READ|PROT_WRITE, MAP_PRIVATE|MAP_ANONYMOUS|MAP_NORESERVE, -1, 0) = 0x7fa422413000
1727755 14:45:40.371408 munmap(0x7fa422413000, 2097152) = 0
1727755 14:45:40.371428 mmap(NULL, 4190208, PROT_READ|PROT_WRITE, MAP_PRIVATE|MAP_ANONYMOUS|MAP_NORESERVE, -1, 0) = 0x7fa422214000
1727755 14:45:40.371441 munmap(0x7fa422214000, 2015232) = 0
1727755 14:45:40.371456 munmap(0x7fa422600000, 77824) = 0
1727755 14:45:40.371754 brk(NULL)       = 0x56217bc63000
1727755 14:45:40.371873 mmap(NULL, 2097152, PROT_READ|PROT_WRITE, MAP_PRIVATE|MAP_ANONYMOUS|MAP_NORESERVE, -1, 0) = 0x7fa422200000
1727755 14:45:40.372249 brk(0x56217bc84000) = 0x56217bc84000
1727755 14:45:40.372414 mmap(NULL, 16048, PROT_READ|PROT_WRITE, MAP_PRIVATE|MAP_ANONYMOUS|MAP_STACK, -1, 0) = 0x7fa422862000
1727755 14:45:40.372702 munmap(0x7fa422862000, 16048) = 0
1727755 14:45:40.373077 +++ exited with 0 +++
