[job 0 task 1] (1/6) crypto-bigint-0.7.3
[job 0 task 18] (1/5) rand-0.10.1
[job 0 task 17] (1/5) num-complex-0.4.6
[job 0 task 14] (1/5) zerocopy-0.8.50
[job 0 task 9] (1/5) itertools-0.14.0
[job 0 task 2] (1/6) gimli-0.33.0
[job 0 task 6] (1/5) crossbeam-channel-0.5.15
[job 0 task 12] (1/5) serde_json-1.0.150
[job 0 task 3] (1/6) httparse-1.10.1
[job 0 task 7] (1/5) csv-1.4.0
[job 0 task 10] (1/5) colored-3.1.1
[job 0 task 13] (1/5) serde_with-3.20.0
[job 0 task 23] (1/5) nu-ansi-term-0.50.3
[job 0 task 4] (1/6) petgraph-0.8.3
[job 0 task 11] (1/5) encoding_rs-0.8.35
[job 0 task 0] (1/6) bytes-1.11.1
[job 0 task 8] (1/5) indexmap-2.14.0
[job 0 task 19] (1/5) combine-4.6.7
[job 0 task 5] (1/5) byteorder-1.5.0
[job 0 task 15] (1/5) brotli-decompressor-5.0.1
[job 0 task 16] (1/5) hashbrown-0.17.1
[job 0 task 21] (1/5) once_cell-1.21.4
[job 0 task 20] (1/5) der-0.8.0
[job 0 task 22] (1/5) ordered-float-5.3.0
[job 0 task 19] (2/5) tungstenite-0.29.0
[job 0 task 17] (2/5) slab-0.4.12
[job 0 task 23] (2/5) unicode-bidi-0.3.18
[job 0 task 15] (2/5) arrayvec-0.7.6
[job 0 task 23] (3/5) writeable-0.6.3
[job 0 task 17] (3/5) dashmap-6.2.1
[job 0 task 22] (2/5) pin-project-1.1.13
[job 0 task 22] (3/5) matchers-0.2.0
[job 0 task 21] (2/5) half-2.7.1
[job 0 task 22] (4/5) thread_local-1.1.9
[job 0 task 11] (2/5) ansi_term-0.12.1
[job 0 task 15] (3/5) object-0.39.1
[job 0 task 20] (2/5) minimal-lexical-0.2.1
[job 0 task 14] (2/5) lru-0.18.0
[job 0 task 17] (4/5) tower-http-0.6.11
[job 0 task 7] (2/5) bincode-2.0.1
[job 0 task 18] (2/5) arc-swap-1.9.1
[job 0 task 15] (4/5) dirs-sys-next-0.1.2
[job 0 task 23] (4/5) dyn-clone-1.0.20
[job 0 task 14] (3/5) crossbeam-deque-0.8.6
[job 0 task 15] (5/5) event-listener-strategy-0.5.4
[job 0 task 22] (5/5) atomic-waker-1.1.2
[job 0 task 20] (3/5) percent-encoding-2.3.2
[job 0 task 20] (4/5) block-buffer-0.12.0
[job 0 task 23] (5/5) futures-task-0.3.32
[job 0 task 20] (5/5) utf8_iter-1.0.4
[job 0 task 11] (3/5) linked-hash-map-0.5.6
[job 0 task 14] (4/5) dirs-sys-0.5.0
[job 0 task 17] (5/5) hyper-1.10.1
[job 0 task 14] (5/5) cpufeatures-0.3.0
[job 0 task 11] (4/5) base16ct-1.0.0
[job 0 task 5] (2/5) fixedbitset-0.5.7
[job 0 task 11] (5/5) anstyle-query-1.1.5
[job 0 task 21] (3/5) tinystr-0.8.3
[job 0 task 19] (3/5) erased-serde-0.4.10
[job 0 task 5] (3/5) bindgen-0.72.1
[job 0 task 10] (2/5) tempfile-3.27.0
[job 0 task 8] (2/5) uuid-1.23.2
[job 0 task 16] (2/5) tokio-stream-0.1.18
[job 0 task 12] (2/5) hashlink-0.11.0
[job 0 task 21] (4/5) scopeguard-1.2.0
[job 0 task 21] (5/5) addr2line-0.26.1
[job 0 task 5] (4/5) zeroize-1.8.2
[job 0 task 19] (4/5) anstyle-1.0.14
[job 0 task 5] (5/5) is-terminal-0.4.17
[job 0 task 19] (5/5) rustversion-1.0.22
[job 0 task 10] (3/5) tracing-core-0.1.36
[job 0 task 12] (3/5) bit-set-0.10.0
[job 0 task 18] (3/5) predicates-3.1.4
[job 0 task 7] (3/5) subtle-2.6.1
[job 0 task 10] (4/5) anstream-1.0.0
[job 0 task 18] (4/5) urlencoding-2.1.3
[job 0 task 8] (3/5) base64ct-1.8.3
[job 0 task 18] (5/5) ppv-lite86-0.2.21
[job 0 task 10] (5/5) serde_bytes-0.11.19
[job 0 task 12] (4/5) socket2-0.6.4
[job 0 task 7] (4/5) alloc-stdlib-0.2.2
[job 0 task 12] (5/5) generic-array-1.4.2
[job 0 task 7] (5/5) camino-1.2.2
[job 0 task 16] (3/5) pin-project-lite-0.2.17
[job 0 task 16] (4/5) radium-1.1.1
[job 0 task 16] (5/5) http-body-1.0.1
[job 0 task 8] (4/5) event-listener-5.4.1
[job 0 task 8] (5/5) async-trait-0.1.89
[job 0 task 13] (2/5) twox-hash-2.1.2
[job 0 task 9] (2/5) bit-vec-0.9.1
[job 0 task 13] (3/5) bytemuck-1.25.0
[job 0 task 13] (4/5) alloc-no-stdlib-2.0.4
[job 0 task 9] (3/5) const-oid-0.10.2
[job 0 task 13] (5/5) generic-array-1.4.3
[job 0 task 4] (2/6) smallvec-1.15.1
[job 0 task 9] (4/5) itoa-1.0.18
[job 0 task 4] (3/6) async-lock-3.4.2
[job 0 task 9] (5/5) r-efi-6.0.0
[job 0 task 4] (4/6) unicode-normalization-0.1.25
[job 0 task 4] (5/6) crc32fast-1.5.0
[job 0 task 4] (6/6) utf8parse-0.2.2
[job 0 task 2] (2/6) url-2.5.8
[job 0 task 0] (2/6) anyhow-1.0.102
[job 0 task 2] (3/6) semver-1.0.28
[job 0 task 2] (4/6) concurrent-queue-2.5.0
[job 0 task 0] (3/6) spin-0.12.0
[job 0 task 3] (2/6) memchr-2.8.1
[job 0 task 2] (5/6) tracing-log-0.2.0
[job 0 task 2] (6/6) redox_syscall-0.8.0
[job 0 task 0] (4/6) pem-rfc7468-1.0.0
[job 0 task 0] (5/6) either-1.16.0
[job 0 task 0] (6/6) futures-util-0.3.32
[job 0 task 3] (3/6) ryu-1.0.23
[job 0 task 3] (4/6) siphasher-1.0.3
[job 0 task 3] (5/6) yansi-1.0.1
[job 0 task 3] (6/6) serde_core-1.0.228
[job 0 task 1] (2/6) proc-macro2-1.0.106
[job 0 task 1] (3/6) log-0.4.30
[job 0 task 6] (2/5) crossbeam-utils-0.8.21
[job 0 task 1] (4/6) crossbeam-queue-0.3.12
[job 0 task 1] (5/6) shlex-2.0.1
[job 0 task 1] (6/6) inout-0.2.2
[job 0 task 6] (3/5) lazycell-1.3.0
[job 0 task 6] (4/5) yoke-0.8.2
[job 0 task 6] (5/5) bumpalo-3.20.3
