brotli-decompressor-5.0.1
bstr-1.12.1
brotli-8.0.3
anstream-1.0.0
anstyle-parse-1.0.0
core-foundation-0.10.1
cexpr-0.6.0
async-stream-0.3.6
deranged-0.5.8
futures-channel-0.3.32
futures-executor-0.3.32
combine-4.6.7
http-body-util-0.1.3
hyper-util-0.1.20
mime-0.3.17
icu_locale_core-2.2.0
lazy_static-1.5.0
icu_provider-2.2.0
icu_normalizer-2.2.0
icu_collections-2.2.0
linked-hash-map-0.5.6
num_threads-0.1.7
pin-project-lite-0.2.17
pin-project-1.1.13
potential_utf-0.1.5
portable-atomic-1.13.1
nom-8.0.0
pyo3-ffi-0.28.3
rustls-pki-types-1.14.1
nix-0.31.3
ring-0.17.14
pyo3-0.28.3
matchit-0.9.2
signal-hook-0.4.4
serde_yaml-0.9.34+deprecated
tiny-keccak-2.0.2
tokio-native-tls-0.3.1
try-lock-0.2.5
regex-1.12.3
wait-timeout-0.2.1
unsafe-libyaml-0.2.11
tokio-util-0.7.18
tar-0.4.46
tracing-0.1.44
tokio-1.52.3
zerocopy-derive-0.8.50
tracing-attributes-0.1.31
zerovec-derive-0.11.3
zstd-0.13.3
zstd-sys-2.0.16+zstd.1.5.7
regex-automata-0.4.14
zerotrie-0.2.4
zerovec-0.11.6
zip-8.6.0
syn-2.0.117
tracing-subscriber-0.3.23
atty-0.2.14
backtrace-0.3.76
cmake-0.1.58
csv-1.4.0
async-trait-0.1.89
dyn-clone-1.0.20
chrono-0.4.44
colored-3.1.1
console-0.16.3
iana-time-zone-0.1.65
idna-1.1.0
object-0.39.1
once_cell-1.21.4
native-tls-0.2.18
h2-0.4.14
terminal_size-0.4.4
tracing-core-0.1.36
xattr-1.6.1
serde_with-3.20.0
unicode-ident-1.0.24
reqwest-0.13.4