[job 5 task 7] (1/1) unicode-bidi-0.3.18
[job 5 task 10] (1/1) dashmap-6.2.1
[job 5 task 2] (1/1) num-complex-0.4.6
[job 5 task 14] (1/1) tower-http-0.6.11
[job 5 task 5] (1/1) ansi_term-0.12.1
[job 5 task 3] (1/1) nu-ansi-term-0.50.3
[job 5 task 9] (1/1) linked-hash-map-0.5.6
[job 5 task 12] (1/1) zeroize-1.8.2
[job 5 task 6] (1/1) slab-0.4.12
[job 5 task 15] (1/1) dyn-clone-1.0.20
[job 5 task 8] (1/1) bindgen-0.72.1
[job 5 task 16] (1/1) is-terminal-0.4.17
[job 5 task 13] (1/1) base16ct-1.0.0
[job 5 task 11] (1/1) writeable-0.6.3
[job 5 task 19] (1/1) futures-task-0.3.32
[job 5 task 18] (1/1) hyper-1.10.1
[job 5 task 0] (1/1) byteorder-1.5.0
[job 5 task 17] (1/1) anstyle-query-1.1.5
[job 5 task 1] (1/1) encoding_rs-0.8.35
[job 5 task 4] (1/1) fixedbitset-0.5.7
