[job 2 task 2] (1/1) zerocopy-0.8.50
[job 2 task 1] (1/1) indexmap-2.14.0
[job 2 task 10] (1/1) crossbeam-deque-0.8.6
[job 2 task 8] (1/1) semver-1.0.28
[job 2 task 15] (1/1) block-buffer-0.12.0
[job 2 task 12] (1/1) concurrent-queue-2.5.0
[job 2 task 16] (1/1) tracing-log-0.2.0
[job 2 task 4] (1/1) url-2.5.8
[job 2 task 11] (1/1) percent-encoding-2.3.2
[job 2 task 3] (1/1) der-0.8.0
[job 2 task 17] (1/1) async-trait-0.1.89
[job 2 task 18] (1/1) cpufeatures-0.3.0
[job 2 task 5] (1/1) uuid-1.23.2
[job 2 task 9] (1/1) base64ct-1.8.3
[job 2 task 20] (1/1) redox_syscall-0.8.0
[job 2 task 14] (1/1) dirs-sys-0.5.0
[job 2 task 19] (1/1) utf8_iter-1.0.4
[job 2 task 13] (1/1) event-listener-5.4.1
[job 2 task 7] (1/1) minimal-lexical-0.2.1
[job 2 task 6] (1/1) lru-0.18.0
[job 2 task 0] (1/1) gimli-0.33.0
[2026-07-10T17:47:00.005] error: *** JOB 1937616 ON ac027 CANCELLED AT 2026-07-10T17:47:00 DUE TO TIME LIMIT ***
