[job 0 task 6] (1/1) hashlink-0.11.0
[job 0 task 9] (1/1) lazycell-1.3.0
[job 0 task 4] (1/1) anyhow-1.0.102
[job 0 task 2] (1/1) serde_json-1.0.150
[job 0 task 18] (1/1) generic-array-1.4.2
[job 0 task 11] (1/1) predicates-3.1.4
[job 0 task 3] (1/1) rand-0.10.1
[job 0 task 5] (1/1) crossbeam-utils-0.8.21
[job 0 task 14] (1/1) socket2-0.6.4
[job 0 task 19] (1/1) ppv-lite86-0.2.21
[job 0 task 17] (1/1) bumpalo-3.20.3
[job 0 task 0] (1/1) bytes-1.11.1
[job 0 task 15] (1/1) urlencoding-2.1.3
[job 0 task 16] (1/1) either-1.16.0
[job 0 task 10] (1/1) bit-set-0.10.0
[job 0 task 1] (1/1) crossbeam-channel-0.5.15
[job 0 task 13] (1/1) yoke-0.8.2
[job 0 task 7] (1/1) arc-swap-1.9.1
[job 0 task 8] (1/1) spin-0.12.0
[job 0 task 20] (1/1) futures-util-0.3.32
[job 0 task 12] (1/1) pem-rfc7468-1.0.0
[2026-07-10T17:36:59.003] error: *** JOB 1937614 ON ac089 CANCELLED AT 2026-07-10T17:36:59 DUE TO TIME LIMIT ***
