[job 3 task 1] (1/1) itertools-0.14.0
[job 3 task 7] (1/1) half-2.7.1
[job 3 task 3] (1/1) once_cell-1.21.4
[job 3 task 0] (1/1) httparse-1.10.1
[job 3 task 2] (1/1) brotli-decompressor-5.0.1
[job 3 task 8] (1/1) ryu-1.0.23
[job 3 task 5] (1/1) bit-vec-0.9.1
[job 3 task 13] (1/1) itoa-1.0.18
[job 3 task 15] (1/1) scopeguard-1.2.0
[job 3 task 12] (1/1) siphasher-1.0.3
[job 3 task 6] (1/1) arrayvec-0.7.6
[job 3 task 17] (1/1) r-efi-6.0.0
[job 3 task 10] (1/1) object-0.39.1
[job 3 task 20] (1/1) serde_core-1.0.228
[job 3 task 16] (1/1) yansi-1.0.1
[job 3 task 11] (1/1) tinystr-0.8.3
[job 3 task 19] (1/1) addr2line-0.26.1
[job 3 task 4] (1/1) memchr-2.8.1
[job 3 task 9] (1/1) const-oid-0.10.2
[job 3 task 18] (1/1) event-listener-strategy-0.5.4
[job 3 task 14] (1/1) dirs-sys-next-0.1.2
[2026-07-10T17:54:29.004] error: *** JOB 1937617 ON ac030 CANCELLED AT 2026-07-10T17:54:29 DUE TO TIME LIMIT ***
