[job 1 task 8] (1/1) log-0.4.30
[job 1 task 0] (1/1) crypto-bigint-0.7.3
[job 1 task 5] (1/1) bincode-2.0.1
[job 1 task 7] (1/1) tungstenite-0.29.0
[job 1 task 12] (1/1) crossbeam-queue-0.3.12
[job 1 task 4] (1/1) proc-macro2-1.0.106
[job 1 task 16] (1/1) shlex-2.0.1
[job 1 task 1] (1/1) csv-1.4.0
[job 1 task 14] (1/1) alloc-no-stdlib-2.0.4
[job 1 task 6] (1/1) twox-hash-2.1.2
[job 1 task 17] (1/1) camino-1.2.2
[job 1 task 11] (1/1) erased-serde-0.4.10
[job 1 task 2] (1/1) serde_with-3.20.0
[job 1 task 10] (1/1) bytemuck-1.25.0
[job 1 task 15] (1/1) anstyle-1.0.14
[job 1 task 9] (1/1) subtle-2.6.1
[job 1 task 13] (1/1) alloc-stdlib-0.2.2
[job 1 task 20] (1/1) inout-0.2.2
[job 1 task 3] (1/1) combine-4.6.7
[job 1 task 18] (1/1) generic-array-1.4.3
[job 1 task 19] (1/1) rustversion-1.0.22
/var/spool/slurmd/job1937622/slurm_script: line 66: /scratch/group/p.cis260229.000/outputs/hyperfine-runs/20260710-153259-3069615/shards/shard-1-5.csv: Disk quota exceeded
/var/spool/slurmd/job1937622/slurm_script: line 66: /scratch/group/p.cis260229.000/outputs/hyperfine-runs/20260710-153259-3069615/shards/shard-1-0.csv: Disk quota exceeded
/var/spool/slurmd/job1937622/slurm_script: line 66: /scratch/group/p.cis260229.000/outputs/hyperfine-runs/20260710-153259-3069615/shards/shard-1-11.csv: Disk quota exceeded
/var/spool/slurmd/job1937622/slurm_script: line 66: /scratch/group/p.cis260229.000/outputs/hyperfine-runs/20260710-153259-3069615/shards/shard-1-18.csv: Disk quota exceeded
