[job 4 task 6] (1/1) tokio-stream-0.1.18
[job 4 task 9] (1/1) tracing-core-0.1.36
[job 4 task 8] (1/1) async-lock-3.4.2
[job 4 task 17] (1/1) serde_bytes-0.11.19
[job 4 task 13] (1/1) anstream-1.0.0
[job 4 task 4] (1/1) smallvec-1.15.1
[job 4 task 19] (1/1) atomic-waker-1.1.2
[job 4 task 12] (1/1) unicode-normalization-0.1.25
[job 4 task 0] (1/1) petgraph-0.8.3
[job 4 task 14] (1/1) radium-1.1.1
[job 4 task 10] (1/1) pin-project-lite-0.2.17
[job 4 task 5] (1/1) tempfile-3.27.0
[job 4 task 1] (1/1) colored-3.1.1
[job 4 task 15] (1/1) thread_local-1.1.9
[job 4 task 11] (1/1) matchers-0.2.0
[job 4 task 16] (1/1) crc32fast-1.5.0
[job 4 task 18] (1/1) http-body-1.0.1
[job 4 task 2] (1/1) hashbrown-0.17.1
[job 4 task 7] (1/1) pin-project-1.1.13
[job 4 task 3] (1/1) ordered-float-5.3.0
[job 4 task 20] (1/1) utf8parse-0.2.2
[2026-07-10T19:21:03.036] error: *** JOB 1937625 ON ac095 CANCELLED AT 2026-07-10T19:21:03 DUE TO TIME LIMIT ***
